Microchip MPLAB XC8 Compiler V2.41

Linker command line:

-W-3 \
  --edf=C:\Program Files\Microchip\xc8\v2.41\pic\dat\20230208172133_en.msgs \
  -cn -h+dist/default/production\PROJECT.X.production.sym \
  --cmf=dist/default/production\PROJECT.X.production.cmf -z -Q18F4580 \
  -oC:\Users\HP\AppData\Local\Temp\xcAsrsk.\driver_tmp_3.o \
  --defsym=__MPLAB_BUILD=1 --fixupoverflow=error \
  -Mdist/default/production/PROJECT.X.production.map \
  --md=C:\Users\HP\AppData\Local\Temp\xcAsrsk.\driver_tmp_0.dat -E1 \
  -ver=XC8 Compiler --acfsm=1493 -ACODE=00h-03000h -ACONST=00h-03000h \
  -ASMALLCONST=0600h-06FFhx42,03000h-03000h -AMEDIUMCONST=0600h-03000h \
  -ACOMRAM=01h-05Fh -AABS1=00h-05FFh -ABIGRAM=01h-05FFh \
  -ARAM=060h-0FFh,0100h-01FFhx5 -ABANK0=060h-0FFh -ABANK1=0100h-01FFh \
  -ABANK2=0200h-02FFh -ABANK3=0300h-03FFh -ABANK4=0400h-04FFh \
  -ABANK5=0500h-05FFh -ASFR=0D00h-0DFFhx2,0F00h-0F5Fh,0F60h-0FFFh \
  -ABIGSFR=0D00h-0FFFh -ACONFIG=0300000h-030000Dh -AIDLOC=0200000h-0200007h \
  -AEEDATA=0F00000h-0F000FFh -peeprom_data=EEDATA \
  -preset_vec=00h,intcode=08h,intcodelo,powerup,init -pramtop=0600h \
  -psmallconst=SMALLCONST -pmediumconst=MEDIUMCONST -pconst=CONST \
  -AFARRAM=00h-00h \
  -prdata=COMRAM,nvrram=COMRAM,nvbit=COMRAM,rbss=COMRAM,rbit=COMRAM \
  -pfarbss=FARRAM,fardata=FARRAM,nvFARRAM=FARRAM \
  -pintsave_regs=BIGRAM,bigbss=BIGRAM,bigdata=BIGRAM -pbss=RAM \
  -pidata=CODE,irdata=CODE,ibigdata=CODE,ifardata=CODE -prparam=COMRAM \
  C:\Users\HP\AppData\Local\Temp\xcAsrsk.\driver_tmp_9.o \
  dist/default/production\PROJECT.X.production.o 

Object code version is 3.11

Machine type is 18F4580



                Name                               Link     Load   Length Selector   Space Scale
C:\Users\HP\AppData\Local\Temp\xcAsrsk.\driver_tmp_9.o
                idloc                            200000   200000        8        0       5
                config                           300000   300000        E        0       4
                init                                  E        E        4        4       0
                reset_vec                             0        0        4        0       0
dist/default/production\PROJECT.X.production.o
                intcode                               8        8        6        4       0
                idloc                            200000   200000        8        0       5
                config                           300000   300000        E        0       4
                temp                                 59       59        1        1       1
                mediumconst                        2E16     2E16      1EA     170B       0
                intcode_body                       1E7E     1E7E      132        4       0
                text47                              E50      E50      39A        4       0
                text46                             20B8     20B8      106        4       0
                text45                             1CCA     1CCA      1B4        4       0
                text44                             295A     295A       3A        4       0
                text43                             26A4     26A4       6C        4       0
                text42                             1FB0     1FB0      108        4       0
                text41                             24E2     24E2       76        4       0
                text40                             2638     2638       6C        4       0
                text39                             291A     291A       40        4       0
                text38                             2B2A     2B2A       12        4       0
                text37                             2B6C     2B6C        8        4       0
                text36                             2B64     2B64        8        4       0
                text35                             2B48     2B48        C        4       0
                text34                             28DA     28DA       40        4       0
                text33                              576      576      4BE        4       0
                text32                             2460     2460       82        4       0
                text31                             21BE     21BE       C4        4       0
                text30                             2282     2282       B0        4       0
                text29                             2B02     2B02       16        4       0
                text28                             27DA     27DA       5E        4       0
                text27                             2B74     2B74        6        4       0
                text26                             2B5C     2B5C        8        4       0
                text25                             2B3C     2B3C        C        4       0
                text24                             2B54     2B54        8        4       0
                text23                             29F4     29F4       2A        4       0
                text22                             151E     151E      2A2        4       0
                text21                             2558     2558       74        4       0
                text20                             2776     2776       64        4       0
                text19                             2ABE     2ABE       18        4       0
                text18                             2A86     2A86       1E        4       0
                text17                               12       12      564        4       0
                text16                             17C0     17C0      28A        4       0
                text15                             11EA     11EA      334        4       0
                text14                             29CA     29CA       2A        4       0
                text13                             23DA     23DA       86        4       0
                text12                              A34      A34      41C        4       0
                text11                             2894     2894       46        4       0
                text10                             25CC     25CC       6C        4       0
                text9                              1A4A     1A4A      280        4       0
                text8                              2A66     2A66       20        4       0
                text7                              2332     2332       A8        4       0
                text6                              2838     2838       5C        4       0
                text5                              2AEC     2AEC       16        4       0
                text4                              2B18     2B18       12        4       0
                text3                              2AD6     2AD6       16        4       0
                text2                              2A1E     2A1E       26        4       0
                text1                              2A44     2A44       22        4       0
                text0                              2AA4     2AA4       1A        4       0
                cstackCOMRAM                          1        1       3D        1       1
                dataBANK0                            A4       A4       36       60       1
                bssBANK0                             60       60       44       60       1
                dataCOMRAM                           55       55        4        1       1
                bssCOMRAM                            3E       3E       17        1       1
                cinit                              2710     2710       66        4       0
                idataBANK0                         2994     2994       36        4       0
                idataCOMRAM                        2B7A     2B7A        4        4       0

TOTAL           Name                               Link     Load   Length     Space
        CLASS   CODE           
                intcode                               8        8        6         0
                init                                  E        E        4         0
                reset_vec                             0        0        4         0
                intcode_body                       1E7E     1E7E      132         0
                text47                              E50      E50      39A         0
                text46                             20B8     20B8      106         0
                text45                             1CCA     1CCA      1B4         0
                text44                             295A     295A       3A         0
                text43                             26A4     26A4       6C         0
                text42                             1FB0     1FB0      108         0
                text41                             24E2     24E2       76         0
                text40                             2638     2638       6C         0
                text39                             291A     291A       40         0
                text38                             2B2A     2B2A       12         0
                text37                             2B6C     2B6C        8         0
                text36                             2B64     2B64        8         0
                text35                             2B48     2B48        C         0
                text34                             28DA     28DA       40         0
                text33                              576      576      4BE         0
                text32                             2460     2460       82         0
                text31                             21BE     21BE       C4         0
                text30                             2282     2282       B0         0
                text29                             2B02     2B02       16         0
                text28                             27DA     27DA       5E         0
                text27                             2B74     2B74        6         0
                text26                             2B5C     2B5C        8         0
                text25                             2B3C     2B3C        C         0
                text24                             2B54     2B54        8         0
                text23                             29F4     29F4       2A         0
                text22                             151E     151E      2A2         0
                text21                             2558     2558       74         0
                text20                             2776     2776       64         0
                text19                             2ABE     2ABE       18         0
                text18                             2A86     2A86       1E         0
                text17                               12       12      564         0
                text16                             17C0     17C0      28A         0
                text15                             11EA     11EA      334         0
                text14                             29CA     29CA       2A         0
                text13                             23DA     23DA       86         0
                text12                              A34      A34      41C         0
                text11                             2894     2894       46         0
                text10                             25CC     25CC       6C         0
                text9                              1A4A     1A4A      280         0
                text8                              2A66     2A66       20         0
                text7                              2332     2332       A8         0
                text6                              2838     2838       5C         0
                text5                              2AEC     2AEC       16         0
                text4                              2B18     2B18       12         0
                text3                              2AD6     2AD6       16         0
                text2                              2A1E     2A1E       26         0
                text1                              2A44     2A44       22         0
                text0                              2AA4     2AA4       1A         0
                cinit                              2710     2710       66         0
                idataBANK0                         2994     2994       36         0
                idataCOMRAM                        2B7A     2B7A        4         0

        CLASS   CONST          

        CLASS   SMALLCONST     

        CLASS   MEDIUMCONST    
                mediumconst                        2E16     2E16      1EA         0

        CLASS   COMRAM         
                temp                                 59       59        1         1
                cstackCOMRAM                          1        1       3D         1
                dataCOMRAM                           55       55        4         1
                bssCOMRAM                            3E       3E       17         1

        CLASS   ABS1           

        CLASS   BIGRAM         

        CLASS   RAM            

        CLASS   BANK0          
                dataBANK0                            A4       A4       36         1
                bssBANK0                             60       60       44         1

        CLASS   BANK1          

        CLASS   BANK2          

        CLASS   BANK3          

        CLASS   BANK4          

        CLASS   BANK5          

        CLASS   SFR            

        CLASS   BIGSFR         

        CLASS   CONFIG         
                config                           300000   300000        E         4

        CLASS   IDLOC          
                idloc                            200000   200000        8         5

        CLASS   EEDATA         

        CLASS   FARRAM         

        CLASS   HEAP           

        CLASS   STACK          



SEGMENTS        Name                           Load    Length   Top    Selector   Space  Class

                reset_vec                      000000  000004  000004         0       0  CODE    
                cstackCOMRAM                   000001  000059  00005A         1       1  COMRAM  
                intcode                        000008  002B76  002B7E         4       0  CODE    
                bssBANK0                       000060  00007A  0000DA        60       1  BANK0   
                mediumconst                    002E16  0001EA  003000      170B       0  MEDIUMCO


UNUSED ADDRESS RANGES

        Name                Unused          Largest block    Delta
        BANK0            0000DA-0000FF               26
        BANK1            000100-0001FF              100
        BANK2            000200-0002FF              100
        BANK3            000300-0003FF              100
        BANK4            000400-0004FF              100
        BANK5            000500-0005FF              100
        BIGRAM           00005A-00005F                6
                         0000DA-0005FF              526
        BIGSFR           000D00-000FFF              300
        CODE             000004-000007                4
                         002B7E-002E15              298
                         003000-003000                1
        COMRAM           00005A-00005F                6
        CONST            000004-000007                4
                         002B7E-002E15              298
                         003000-003000                1
        EEDATA           F00000-F000FF              100
        MEDIUMCONST      002B7E-002E15              298
                         003000-003000                1
        RAM              0000DA-0005FF              100
        SFR              000D00-000FFF              100
        SMALLCONST       002B7E-002E15              100
                         003000-003000                1

                                  Symbol Table

?___awdiv                        cstackCOMRAM 000001
?___awmod                        cstackCOMRAM 000009
?___fldiv                        cstackCOMRAM 000016
?___fltol                        cstackCOMRAM 00002F
?___lwdiv                        cstackCOMRAM 000001
?___lwmod                        cstackCOMRAM 000001
?___xxtofl                       cstackCOMRAM 000008
?_read_adc                       cstackCOMRAM 000001
?_strcmp                         cstackCOMRAM 000001
_ABDEN                           (abs)        007DC0
_ABDOVF                          (abs)        007DC7
_ACKDT                           (abs)        007E2D
_ACKEN                           (abs)        007E2C
_ACKSTAT                         (abs)        007E2E
_ACQT0                           (abs)        007E03
_ACQT1                           (abs)        007E04
_ACQT2                           (abs)        007E05
_ADCON0                          (abs)        000FC2
_ADCON1                          (abs)        000FC1
_ADCS0                           (abs)        007E00
_ADCS1                           (abs)        007E01
_ADCS2                           (abs)        007E02
_ADFM                            (abs)        007E07
_ADON                            (abs)        007E10
_ADRESH                          (abs)        000FC4
_ADRESL                          (abs)        000FC3
_BCLIF                           (abs)        007D0B
_BRG16                           (abs)        007DC3
_BRGH                            (abs)        007D62
_CKE                             (abs)        007E3E
_CREN                            (abs)        007D5C
_GIE                             (abs)        007F97
_GO                              (abs)        007E11
_GODONE                          (abs)        007E11
_PEIE                            (abs)        007F96
_PEN                             (abs)        007E2A
_PORTB                           (abs)        000F81
_PORTBbits                       (abs)        000F81
_PORTD                           (abs)        000F83
_PSA                             (abs)        007EAB
_RBPU                            (abs)        007F8F
_RC0                             (abs)        007C10
_RC1                             (abs)        007C11
_RC2                             (abs)        007C12
_RCEN                            (abs)        007E2B
_RCIF                            (abs)        007CF5
_RCREG                           (abs)        000FAE
_RD7                             (abs)        007C1F
_RSEN                            (abs)        007E29
_RX9                             (abs)        007D5E
_SEN                             (abs)        007E28
_SENDB                           (abs)        007D63
_SMP                             (abs)        007E3F
_SPBRG                           (abs)        000FAF
_SPEN                            (abs)        007D5F
_SSPADD                          (abs)        000FC8
_SSPBUF                          (abs)        000FC9
_SSPCON1                         (abs)        000FC6
_SSPIF                           (abs)        007CF3
_SYNC                            (abs)        007D64
_T08BIT                          (abs)        007EAE
_T0CS                            (abs)        007EAD
_TMR0                            (abs)        000FD6
_TMR0IE                          (abs)        007F95
_TMR0IF                          (abs)        007F92
_TMR0ON                          (abs)        007EAF
_TRISB                           (abs)        000F93
_TRISC                           (abs)        000F94
_TRISC3                          (abs)        007CA3
_TRISC4                          (abs)        007CA4
_TRISC6                          (abs)        007CA6
_TRISC7                          (abs)        007CA7
_TRISD                           (abs)        000F95
_TRISD7                          (abs)        007CAF
_TX9                             (abs)        007D66
_TXEN                            (abs)        007D65
_TXIF                            (abs)        007CF4
_TXREG                           (abs)        000FAD
_VCFG0                           (abs)        007E0C
_VCFG1                           (abs)        007E0D
_WUE                             (abs)        007DC1
__HRAM                           (abs)        000000
__H__absolute__                  __absolute__ 000000
__Habs1                          abs1         000000
__Hbank0                         bank0        000000
__Hbank1                         bank1        000000
__Hbank2                         bank2        000000
__Hbank3                         bank3        000000
__Hbank4                         bank4        000000
__Hbank5                         bank5        000000
__Hbigbss                        bigbss       000000
__Hbigdata                       bigdata      000000
__Hbigram                        bigram       000000
__Hbigsfr                        bigsfr       000000
__Hbss                           bss          000000
__HbssBANK0                      bssBANK0     000000
__HbssCOMRAM                     bssCOMRAM    000000
__Hcinit                         cinit        000000
__Hclrtext                       clrtext      000000
__Hcomram                        comram       000000
__Hconfig                        config       30000E
__Hconst                         const        000000
__HcstackCOMRAM                  cstackCOMRAM 000000
__Hdata                          data         000000
__HdataBANK0                     dataBANK0    000000
__HdataCOMRAM                    dataCOMRAM   000000
__Heeprom_data                   eeprom_data  000000
__Hfarbss                        farbss       000000
__Hfardata                       fardata      000000
__Hheap                          heap         000000
__Hibigdata                      ibigdata     000000
__Hidata                         idata        000000
__HidataBANK0                    idataBANK0   000000
__HidataCOMRAM                   idataCOMRAM  000000
__Hidloc                         idloc        200008
__Hifardata                      ifardata     000000
__Hinit                          init         000012
__Hintcode                       intcode      00000E
__Hintcode_body                  intcode_body 000000
__Hintcodelo                     intcodelo    00000E
__Hintentry                      intentry     000000
__Hintret                        intret       000000
__Hintsave_regs                  intsave_regs 000000
__Hirdata                        irdata       000000
__Hmediumconst                   mediumconst  003000
__HnvFARRAM                      nvFARRAM     000000
__Hnvbit                         nvbit        000000
__Hnvrram                        nvrram       000000
__Hparam                         rparam       000000
__Hpowerup                       powerup      00000E
__Hram                           ram          000000
__Hramtop                        ramtop       000600
__Hrbit                          rbit         000000
__Hrbss                          rbss         000000
__Hrdata                         rdata        000000
__Hreset_vec                     reset_vec    000004
__Hrparam                        rparam       000000
__Hsfr                           sfr          000000
__Hsmallconst                    smallconst   000000
__Hspace_0                       (abs)        003000
__Hspace_1                       (abs)        0000DA
__Hspace_2                       (abs)        000000
__Hspace_4                       (abs)        60000E
__Hstack                         stack        000000
__Hstruct                        struct       000000
__Htemp                          temp         00005A
__Htext                          text         000000
__Htext0                         text0        000000
__Htext1                         text1        000000
__Htext10                        text10       000000
__Htext11                        text11       000000
__Htext12                        text12       000000
__Htext13                        text13       000000
__Htext14                        text14       000000
__Htext15                        text15       000000
__Htext16                        text16       000000
__Htext17                        text17       000000
__Htext18                        text18       000000
__Htext19                        text19       000000
__Htext2                         text2        000000
__Htext20                        text20       000000
__Htext21                        text21       000000
__Htext22                        text22       000000
__Htext23                        text23       000000
__Htext24                        text24       000000
__Htext25                        text25       000000
__Htext26                        text26       000000
__Htext27                        text27       000000
__Htext28                        text28       000000
__Htext29                        text29       000000
__Htext3                         text3        000000
__Htext30                        text30       000000
__Htext31                        text31       000000
__Htext32                        text32       000000
__Htext33                        text33       000000
__Htext34                        text34       000000
__Htext35                        text35       000000
__Htext36                        text36       000000
__Htext37                        text37       000000
__Htext38                        text38       000000
__Htext39                        text39       000000
__Htext4                         text4        000000
__Htext40                        text40       000000
__Htext41                        text41       000000
__Htext42                        text42       000000
__Htext43                        text43       000000
__Htext44                        text44       000000
__Htext45                        text45       000000
__Htext46                        text46       000000
__Htext47                        text47       000000
__Htext5                         text5        000000
__Htext6                         text6        000000
__Htext7                         text7        000000
__Htext8                         text8        000000
__Htext9                         text9        000000
__LRAM                           (abs)        000001
__L__absolute__                  __absolute__ 000000
__Labs1                          abs1         000000
__Lbank0                         bank0        000000
__Lbank1                         bank1        000000
__Lbank2                         bank2        000000
__Lbank3                         bank3        000000
__Lbank4                         bank4        000000
__Lbank5                         bank5        000000
__Lbigbss                        bigbss       000000
__Lbigdata                       bigdata      000000
__Lbigram                        bigram       000000
__Lbigsfr                        bigsfr       000000
__Lbss                           bss          000000
__LbssBANK0                      bssBANK0     000000
__LbssCOMRAM                     bssCOMRAM    000000
__Lcinit                         cinit        000000
__Lclrtext                       clrtext      000000
__Lcomram                        comram       000000
__Lconfig                        config       000000
__Lconst                         const        000000
__LcstackCOMRAM                  cstackCOMRAM 000000
__Ldata                          data         000000
__LdataBANK0                     dataBANK0    000000
__LdataCOMRAM                    dataCOMRAM   000000
__Leeprom_data                   eeprom_data  000000
__Lfarbss                        farbss       000000
__Lfardata                       fardata      000000
__Lheap                          heap         000000
__Libigdata                      ibigdata     000000
__Lidata                         idata        000000
__LidataBANK0                    idataBANK0   000000
__LidataCOMRAM                   idataCOMRAM  000000
__Lidloc                         idloc        000000
__Lifardata                      ifardata     000000
__Linit                          init         00000E
__Lintcode                       intcode      000008
__Lintcode_body                  intcode_body 000000
__Lintcodelo                     intcodelo    00000E
__Lintentry                      intentry     000000
__Lintret                        intret       000000
__Lintsave_regs                  intsave_regs 000000
__Lirdata                        irdata       000000
__Lmediumconst                   mediumconst  002E16
__LnvFARRAM                      nvFARRAM     000000
__Lnvbit                         nvbit        000000
__Lnvrram                        nvrram       000000
__Lparam                         rparam       000000
__Lpowerup                       powerup      00000E
__Lram                           ram          000000
__Lramtop                        ramtop       000600
__Lrbit                          rbit         000000
__Lrbss                          rbss         000000
__Lrdata                         rdata        000000
__Lreset_vec                     reset_vec    000000
__Lrparam                        rparam       000000
__Lsfr                           sfr          000000
__Lsmallconst                    smallconst   000000
__Lspace_0                       (abs)        000000
__Lspace_1                       (abs)        000000
__Lspace_2                       (abs)        000000
__Lspace_4                       (abs)        000000
__Lstack                         stack        000000
__Lstruct                        struct       000000
__Ltemp                          temp         000059
__Ltext                          text         000000
__Ltext0                         text0        000000
__Ltext1                         text1        000000
__Ltext10                        text10       000000
__Ltext11                        text11       000000
__Ltext12                        text12       000000
__Ltext13                        text13       000000
__Ltext14                        text14       000000
__Ltext15                        text15       000000
__Ltext16                        text16       000000
__Ltext17                        text17       000000
__Ltext18                        text18       000000
__Ltext19                        text19       000000
__Ltext2                         text2        000000
__Ltext20                        text20       000000
__Ltext21                        text21       000000
__Ltext22                        text22       000000
__Ltext23                        text23       000000
__Ltext24                        text24       000000
__Ltext25                        text25       000000
__Ltext26                        text26       000000
__Ltext27                        text27       000000
__Ltext28                        text28       000000
__Ltext29                        text29       000000
__Ltext3                         text3        000000
__Ltext30                        text30       000000
__Ltext31                        text31       000000
__Ltext32                        text32       000000
__Ltext33                        text33       000000
__Ltext34                        text34       000000
__Ltext35                        text35       000000
__Ltext36                        text36       000000
__Ltext37                        text37       000000
__Ltext38                        text38       000000
__Ltext39                        text39       000000
__Ltext4                         text4        000000
__Ltext40                        text40       000000
__Ltext41                        text41       000000
__Ltext42                        text42       000000
__Ltext43                        text43       000000
__Ltext44                        text44       000000
__Ltext45                        text45       000000
__Ltext46                        text46       000000
__Ltext47                        text47       000000
__Ltext5                         text5        000000
__Ltext6                         text6        000000
__Ltext7                         text7        000000
__Ltext8                         text8        000000
__Ltext9                         text9        000000
__S0                             (abs)        003000
__S1                             (abs)        0000DA
__S4                             (abs)        000000
__S5                             (abs)        000000
___awdiv                         text31       0021BE
___awdiv@counter                 cstackCOMRAM 000005
___awdiv@dividend                cstackCOMRAM 000001
___awdiv@divisor                 cstackCOMRAM 000003
___awdiv@quotient                cstackCOMRAM 000007
___awdiv@sign                    cstackCOMRAM 000006
___awmod                         text30       002282
___awmod@counter                 cstackCOMRAM 00000D
___awmod@dividend                cstackCOMRAM 000009
___awmod@divisor                 cstackCOMRAM 00000B
___awmod@sign                    cstackCOMRAM 00000E
___fldiv                         text47       000E50
___fldiv@a                       cstackCOMRAM 00001A
___fldiv@aexp                    cstackCOMRAM 00002E
___fldiv@b                       cstackCOMRAM 000016
___fldiv@bexp                    cstackCOMRAM 00002D
___fldiv@grs                     cstackCOMRAM 000029
___fldiv@new_exp                 cstackCOMRAM 000027
___fldiv@rem                     cstackCOMRAM 000022
___fldiv@sign                    cstackCOMRAM 000026
___fltol                         text46       0020B8
___fltol@exp1                    cstackCOMRAM 000038
___fltol@f1                      cstackCOMRAM 00002F
___fltol@sign1                   cstackCOMRAM 000037
___heap_hi                       (abs)        000000
___heap_lo                       (abs)        000000
___inthi_sp                      stack        000000
___intlo_sp                      stack        000000
___lwdiv                         text21       002558
___lwdiv@counter                 cstackCOMRAM 000007
___lwdiv@dividend                cstackCOMRAM 000001
___lwdiv@divisor                 cstackCOMRAM 000003
___lwdiv@quotient                cstackCOMRAM 000005
___lwmod                         text20       002776
___lwmod@counter                 cstackCOMRAM 000005
___lwmod@dividend                cstackCOMRAM 000001
___lwmod@divisor                 cstackCOMRAM 000003
___param_bank                    (abs)        000000
___rparam_used                   (abs)        000001
___sp                            stack        000000
___xxtofl                        text45       001CCA
___xxtofl@arg                    cstackCOMRAM 000012
___xxtofl@exp                    cstackCOMRAM 000011
___xxtofl@sign                   cstackCOMRAM 000010
___xxtofl@val                    cstackCOMRAM 000008
__accesstop                      (abs)        000060
__activetblptr                   (abs)        000002
__end_of___awdiv                 text31       002282
__end_of___awmod                 text30       002332
__end_of___fldiv                 text47       0011EA
__end_of___fltol                 text46       0021BE
__end_of___lwdiv                 text21       0025CC
__end_of___lwmod                 text20       0027DA
__end_of___xxtofl                text45       001E7E
__end_of__initialization         cinit        002768
__end_of_change_password         text33       000A34
__end_of_clcd_print              text43       002710
__end_of_clcd_putch              text19       002AD6
__end_of_clcd_write              text44       002994
__end_of_clear_log               text32       0024E2
__end_of_display_dashboard       text9        001CCA
__end_of_display_menu            text15       00151E
__end_of_download_log            text22       0017C0
__end_of_get_time                text13       002460
__end_of_i2c_idle                text38       002B3C
__end_of_i2c_no_ack              text27       002B7A
__end_of_i2c_read                text25       002B48
__end_of_i2c_rep_start           text24       002B5C
__end_of_i2c_rx_mode             text26       002B64
__end_of_i2c_start               text37       002B74
__end_of_i2c_stop                text36       002B6C
__end_of_i2c_write               text35       002B54
__end_of_init_adc                text8        002A86
__end_of_init_clcd               text7        0023DA
__end_of_init_config             text1        002A66
__end_of_init_ds1307             text6        002894
__end_of_init_i2c                text5        002B02
__end_of_init_matrix_keypad      text4        002B2A
__end_of_init_timer0             text3        002AEC
__end_of_init_uart               text2        002A44
__end_of_isr                     intcode_body 001FB0
__end_of_main                    text0        002ABE
__end_of_password_authentication text12       000E50
__end_of_putch                   text29       002B18
__end_of_puts                    text28       002838
__end_of_read_adc                text11       0028DA
__end_of_read_ds1307             text14       0029F4
__end_of_read_external_eeprom    text23       002A1E
__end_of_read_switches           text41       002558
__end_of_scan_key                text42       0020B8
__end_of_set_time                text17       000576
__end_of_store_log               text10       002638
__end_of_strcmp                  text40       0026A4
__end_of_strcpy                  text39       00295A
__end_of_view_log                text16       001A4A
__end_of_write_ds1307            text18       002AA4
__end_of_write_external_eeprom   text34       00291A
__initialization                 cinit        002710
__mediumconst                    mediumconst  002E16
__pbssBANK0                      bssBANK0     000060
__pbssCOMRAM                     bssCOMRAM    00003E
__pcinit                         cinit        002710
__pcstackCOMRAM                  cstackCOMRAM 000001
__pdataBANK0                     dataBANK0    0000A4
__pdataCOMRAM                    dataCOMRAM   000055
__pidataBANK0                    idataBANK0   002994
__pidataCOMRAM                   idataCOMRAM  002B7A
__pintcode                       intcode      000008
__pintcode_body                  intcode_body 001E7E
__pmediumconst                   mediumconst  002E16
__ptext0                         text0        002AA4
__ptext1                         text1        002A44
__ptext10                        text10       0025CC
__ptext11                        text11       002894
__ptext12                        text12       000A34
__ptext13                        text13       0023DA
__ptext14                        text14       0029CA
__ptext15                        text15       0011EA
__ptext16                        text16       0017C0
__ptext17                        text17       000012
__ptext18                        text18       002A86
__ptext19                        text19       002ABE
__ptext2                         text2        002A1E
__ptext20                        text20       002776
__ptext21                        text21       002558
__ptext22                        text22       00151E
__ptext23                        text23       0029F4
__ptext24                        text24       002B54
__ptext25                        text25       002B3C
__ptext26                        text26       002B5C
__ptext27                        text27       002B74
__ptext28                        text28       0027DA
__ptext29                        text29       002B02
__ptext3                         text3        002AD6
__ptext30                        text30       002282
__ptext31                        text31       0021BE
__ptext32                        text32       002460
__ptext33                        text33       000576
__ptext34                        text34       0028DA
__ptext35                        text35       002B48
__ptext36                        text36       002B64
__ptext37                        text37       002B6C
__ptext38                        text38       002B2A
__ptext39                        text39       00291A
__ptext4                         text4        002B18
__ptext40                        text40       002638
__ptext41                        text41       0024E2
__ptext42                        text42       001FB0
__ptext43                        text43       0026A4
__ptext44                        text44       00295A
__ptext45                        text45       001CCA
__ptext46                        text46       0020B8
__ptext47                        text47       000E50
__ptext5                         text5        002AEC
__ptext6                         text6        002838
__ptext7                         text7        002332
__ptext8                         text8        002A66
__ptext9                         text9        001A4A
__ramtop                         ramtop       000600
__smallconst                     smallconst   000000
_block_count                     bssBANK0     000077
_block_flag                      bssBANK0     00007C
_block_time                      dataCOMRAM   000055
_change_password                 text33       000576
_clcd_print                      text43       0026A4
_clcd_putch                      text19       002ABE
_clcd_write                      text44       00295A
_clear_log                       text32       002460
_clock_reg                       bssBANK0     000068
_delay1                          bssBANK0     000075
_delay2                          bssBANK0     000073
_delay_1                         bssBANK0     000071
_display_dashboard               text9        001A4A
_display_menu                    text15       0011EA
_download_flag                   bssBANK0     00007A
_download_log                    text22       00151E
_event                           dataBANK0    0000A4
_flag                            dataCOMRAM   000057
_flag_2min                       dataBANK0    0000C1
_flag_30sec                      dataBANK0    0000C2
_flag_5sec                       dataCOMRAM   000056
_get_time                        text13       0023DA
_i                               bssCOMRAM    000049
_i2c_idle                        text38       002B2A
_i2c_no_ack                      text27       002B74
_i2c_read                        text25       002B3C
_i2c_rep_start                   text24       002B54
_i2c_rx_mode                     text26       002B5C
_i2c_start                       text37       002B6C
_i2c_stop                        text36       002B64
_i2c_write                       text35       002B48
_init_adc                        text8        002A66
_init_clcd                       text7        002332
_init_config                     text1        002A44
_init_ds1307                     text6        002838
_init_i2c                        text5        002AEC
_init_matrix_keypad              text4        002B18
_init_timer0                     text3        002AD6
_init_uart                       text2        002A1E
_isr                             intcode      000008
_lng_sw                          bssCOMRAM    000048
_log                             bssBANK0     00007F
_log_count                       bssCOMRAM    000047
_log_flag                        bssBANK0     00007B
_login_flag                      bssBANK0     00007D
_main                            text0        002AA4
_menu                            dataBANK0    0000B4
_min2_count                      bssBANK0     000064
_pass                            bssBANK0     00009F
_pass_flag                       bssBANK0     00007E
_pass_index                      bssCOMRAM    000046
_password_authentication         text12       000A34
_putch                           text29       002B02
_puts                            text28       0027DA
_read_adc                        text11       002894
_read_ds1307                     text14       0029CA
_read_external_eeprom            text23       0029F4
_read_switches                   text41       0024E2
_scan_key                        text42       001FB0
_set_time                        text17       000012
_star_arr1                       dataBANK0    0000CF
_store_log                       text10       0025CC
_str_log                         bssBANK0     00008F
_strcmp                          text40       002638
_strcpy                          text39       00291A
_time                            bssCOMRAM    00004B
_view_log                        text16       0017C0
_write_ds1307                    text18       002A86
_write_external_eeprom           text34       0028DA
btemp                            temp         000059
change_password@add              cstackCOMRAM 00000B
change_password@confirm_arr      dataBANK0    0000D5
change_password@i                cstackCOMRAM 00000C
change_password@index            bssCOMRAM    000043
change_password@pass_arr         bssBANK0     000095
change_password@re_star_arr      dataBANK0    0000C3
change_password@star_arr         dataBANK0    0000C9
change_password@sw               cstackCOMRAM 00000D
clcd_print@addr                  cstackCOMRAM 000005
clcd_print@data                  cstackCOMRAM 000003
clcd_putch@addr                  cstackCOMRAM 00000F
clcd_putch@data                  cstackCOMRAM 000010
clcd_write@byte                  cstackCOMRAM 000002
clcd_write@control_bit           cstackCOMRAM 000001
display_dashboard@adc_val        cstackCOMRAM 00003A
display_dashboard@key            cstackCOMRAM 00003C
display_menu@log                 bssCOMRAM    000040
display_menu@menu_delay_5        bssBANK0     00006D
display_menu@menu_delay_6        bssBANK0     00006F
display_menu@scroll              bssCOMRAM    000045
display_menu@sw                  cstackCOMRAM 00001F
download_log@add1                cstackCOMRAM 000012
download_log@i                   cstackCOMRAM 000011
download_log@temp                cstackCOMRAM 000013
end_of_initialization            cinit        002768
i2c_write@data                   cstackCOMRAM 000001
init_ds1307@dummy                cstackCOMRAM 000004
int$flags                        temp         000059
int_func                         intcode_body 001E7E
intlevel0                        text         000000
intlevel1                        text         000000
intlevel2                        text         000000
intlevel3                        text         000000
isa$std                          (abs)        000001
isa$xinst                        (abs)        000000
isr@count                        bssBANK0     000060
main@key                         cstackCOMRAM 00003D
password_authentication@arr      bssBANK0     00009A
password_authentication@chance   dataBANK0    0000BE
password_authentication@sw       cstackCOMRAM 000015
password_authentication@wait     cstackCOMRAM 000011
putch@byte                       cstackCOMRAM 000001
puts@s                           cstackCOMRAM 000002
read_adc@channel                 cstackCOMRAM 000007
read_adc@reg_val                 cstackCOMRAM 000005
read_ds1307@address              cstackCOMRAM 000002
read_ds1307@data                 cstackCOMRAM 000003
read_external_eeprom@address     cstackCOMRAM 000002
read_external_eeprom@data        cstackCOMRAM 000003
read_switches@detection_type     cstackCOMRAM 000001
read_switches@key                bssCOMRAM    00004A
read_switches@once               dataCOMRAM   000058
set_time@delay                   bssCOMRAM    00003E
set_time@delay1                  bssBANK0     00006B
set_time@dummy                   cstackCOMRAM 000013
set_time@hr                      cstackCOMRAM 000016
set_time@min_time                cstackCOMRAM 000014
set_time@mode                    bssCOMRAM    000042
set_time@sec_time                cstackCOMRAM 000018
stackhi                          (abs)        000000
stacklo                          (abs)        000000
start                            init         00000E
start_initialization             cinit        002710
store_log@add                    bssBANK0     000079
store_log@i                      cstackCOMRAM 000009
store_log@index_viewlog          dataBANK0    0000C0
store_log@str_log                cstackCOMRAM 000006
strcmp@l                         cstackCOMRAM 000001
strcmp@r                         cstackCOMRAM 000003
strcpy@d                         cstackCOMRAM 000007
strcpy@dest                      cstackCOMRAM 000001
strcpy@s                         cstackCOMRAM 000005
strcpy@src                       cstackCOMRAM 000003
ttemp5                           temp         00005A
ttemp6                           temp         00005D
ttemp7                           temp         000061
view_log@add1                    cstackCOMRAM 00001B
view_log@ind                     bssCOMRAM    000054
view_log@log_delay               bssCOMRAM    000044
view_log@sw                      cstackCOMRAM 00001A
view_log@temp                    cstackCOMRAM 00001C
view_log@wait                    cstackCOMRAM 000016
write_ds1307@address             cstackCOMRAM 000003
write_ds1307@data                cstackCOMRAM 000002
write_external_eeprom@address    cstackCOMRAM 000005
write_external_eeprom@data       cstackCOMRAM 000002
write_external_eeprom@i          cstackCOMRAM 000003
wtemp8                           temp         00005A


MODULE INFORMATION

Module		Function		Class		Link	Load	Size
C:\Program Files\Microchip\xc8\v2.41\pic\sources\c99\common\awmod.c
		___awmod       		CODE           	2282	0000	176

C:\Program Files\Microchip\xc8\v2.41\pic\sources\c99\common\awmod.c estimated size: 176

car_black_box.c
		_view_log      		CODE           	17C0	0000	650
		_display_menu  		CODE           	11EA	0000	820
		_change_password		CODE           	0576	0000	1214
		_display_dashboard		CODE           	1A4A	0000	640
		_download_log  		CODE           	151E	0000	674
		_set_time      		CODE           	0012	0000	1380
		_clear_log     		CODE           	2460	0000	130
		_store_log     		CODE           	25CC	0000	108
		_password_authentication		CODE           	0A34	0000	1052

car_black_box.c estimated size: 6668

matrix_keypad.c
		_init_matrix_keypad		CODE           	2B18	0000	18
		_read_switches 		CODE           	24E2	0000	118
		_scan_key      		CODE           	1FB0	0000	264

matrix_keypad.c estimated size: 400

C:\Program Files\Microchip\xc8\v2.41\pic\sources\c99\common\fltol.c
		___fltol       		CODE           	20B8	0000	262

C:\Program Files\Microchip\xc8\v2.41\pic\sources\c99\common\fltol.c estimated size: 262

uart.c
		_putch         		CODE           	2B02	0000	22
		_init_uart     		CODE           	2A1E	0000	38
		_puts          		CODE           	27DA	0000	94

uart.c estimated size: 154

C:\Program Files\Microchip\xc8\v2.41\pic\sources\c99\common\xxtofl.c
		___xxtofl      		CODE           	1CCA	0000	436

C:\Program Files\Microchip\xc8\v2.41\pic\sources\c99\common\xxtofl.c estimated size: 436

C:\Program Files\Microchip\xc8\v2.41\pic\sources\c99\common\strcmp.c
		_strcmp        		CODE           	2638	0000	108

C:\Program Files\Microchip\xc8\v2.41\pic\sources\c99\common\strcmp.c estimated size: 108

timer.c
		_init_timer0   		CODE           	2AD6	0000	22

timer.c estimated size: 22

C:\Program Files\Microchip\xc8\v2.41\pic\sources\c99\common\strcpy.c
		_strcpy        		CODE           	291A	0000	64

C:\Program Files\Microchip\xc8\v2.41\pic\sources\c99\common\strcpy.c estimated size: 64

i2c.c
		_i2c_start     		CODE           	2B6C	0000	8
		_i2c_no_ack    		CODE           	2B74	0000	6
		_i2c_rep_start 		CODE           	2B54	0000	8
		_i2c_idle      		CODE           	2B2A	0000	18
		_i2c_write     		CODE           	2B48	0000	12
		_i2c_stop      		CODE           	2B64	0000	8
		_i2c_read      		CODE           	2B3C	0000	12
		_init_i2c      		CODE           	2AEC	0000	22
		_i2c_rx_mode   		CODE           	2B5C	0000	8

i2c.c estimated size: 102

C:\Program Files\Microchip\xc8\v2.41\pic\sources\c99\common\lwdiv.c
		___lwdiv       		CODE           	2558	0000	116

C:\Program Files\Microchip\xc8\v2.41\pic\sources\c99\common\lwdiv.c estimated size: 116

C:\Program Files\Microchip\xc8\v2.41\pic\sources\c99\common\awdiv.c
		___awdiv       		CODE           	21BE	0000	196

C:\Program Files\Microchip\xc8\v2.41\pic\sources\c99\common\awdiv.c estimated size: 196

ds1307.c
		_read_ds1307   		CODE           	29CA	0000	42
		_write_ds1307  		CODE           	2A86	0000	30
		_get_time      		CODE           	23DA	0000	134
		_init_ds1307   		CODE           	2838	0000	92

ds1307.c estimated size: 298

adc.c
		_init_adc      		CODE           	2A66	0000	32
		_read_adc      		CODE           	2894	0000	70

adc.c estimated size: 102

isr.c
		_isr           		CODE           	0008	0000	312

isr.c estimated size: 312

shared
		__initialization		CODE           	2710	0000	88

shared estimated size: 88

clcd.c
		_clcd_write    		CODE           	295A	0000	58
		_clcd_print    		CODE           	26A4	0000	108
		_clcd_putch    		CODE           	2ABE	0000	24
		_init_clcd     		CODE           	2332	0000	168

clcd.c estimated size: 358

ext_eeprom.c
		_write_external_eeprom		CODE           	28DA	0000	64
		_read_external_eeprom		CODE           	29F4	0000	42

ext_eeprom.c estimated size: 106

main.c
		_main          		CODE           	2AA4	0000	26
		_init_config   		CODE           	2A44	0000	34

main.c estimated size: 60

C:\Program Files\Microchip\xc8\v2.41\pic\sources\c99\common\sprcdiv.c
		___fldiv       		CODE           	0E50	0000	922

C:\Program Files\Microchip\xc8\v2.41\pic\sources\c99\common\sprcdiv.c estimated size: 922

C:\Program Files\Microchip\xc8\v2.41\pic\sources\c99\common\lwmod.c
		___lwmod       		CODE           	2776	0000	100

C:\Program Files\Microchip\xc8\v2.41\pic\sources\c99\common\lwmod.c estimated size: 100

